// Jest Snapshot v1, https://goo.gl/fbAQLP

exports[`ReservationFeedback renders properly 1`] = `ReactWrapper {}`;
