// Jest Snapshot v1, https://goo.gl/fbAQLP

exports[`Bag renders properly 1`] = `null`;
