// Jest Snapshot v1, https://goo.gl/fbAQLP

exports[`PaymentAndShipping renders properly 1`] = `ReactWrapper {}`;
