// Jest Snapshot v1, https://goo.gl/fbAQLP

exports[`Faq renders properly 1`] = `ReactWrapper {}`;
